BEGIN
SET
== A0 identity
db|trading_production|role|trading_user|read_only|on|server_utc|2026-10-06T20:13:56Z|tz|Asia/Jerusalem
== A1 table-level freshness
stock_prices_max_date|2026-10-05
daily_fundamentals_max_date|2026-10-05|max_created_at|2026-10-05 23:05:16.229138|max_updated_at|2026-10-05 23:05:16.22914|rows|535598|symbols|3112
== A2 per-date cadence (last 21 fundamentals dates): date|rows|rows_with_sector|min_created|max_created|max_updated
2026-10-05|3073|3050|2026-10-05 22:13:49.532552|2026-10-05 23:05:16.229138|2026-10-05 23:05:16.22914
2026-10-02|3073|3050|2026-10-02 22:13:25.003611|2026-10-02 23:05:34.118424|2026-10-02 23:05:34.118427
2026-10-01|3073|3050|2026-10-01 22:19:07.50602|2026-10-01 23:13:56.751071|2026-10-01 23:13:56.751074
2026-09-28|3073|3050|2026-09-28 22:13:56.410946|2026-09-28 23:11:12.877183|2026-09-28 23:11:12.877186
2026-09-26|3073|3050|2026-09-26 20:58:59.74061|2026-09-26 21:56:27.503325|2026-09-26 21:56:27.503328
2026-09-24|3073|3050|2026-09-24 01:22:34.123544|2026-09-24 02:58:41.660368|2026-09-24 19:43:28.142316
2026-09-23|3074|3050|2026-09-23 08:20:09.582095|2026-09-23 09:58:38.462735|2026-09-23 09:58:38.462735
2026-09-22|3074|3050|2026-09-22 06:12:39.441921|2026-09-22 07:48:18.439433|2026-09-22 07:48:18.439433
2026-09-21|3074|3050|2026-09-21 09:37:33.410791|2026-09-21 11:15:28.873869|2026-09-21 11:15:28.873869
2026-09-20|3074|3050|2026-09-20 09:28:40.490511|2026-09-20 11:04:38.481079|2026-09-20 11:04:38.481079
2026-09-19|2|2|2026-09-19 09:41:48.474019|2026-09-19 09:41:52.402742|2026-09-19 09:41:52.402742
2026-09-14|972|967|2026-09-14 08:30:10.388618|2026-09-14 18:11:17.256697|2026-09-14 18:11:17.256697
== A3 universes
ERROR:  cannot execute CREATE TABLE AS in a read-only transaction
